{
  "document_id": "medical_reports_001",
  "text": "Patient Report #1 - Dr. Sarah Johnson - Memorial Hospital\n=========================================================\n\nPatient: John Michael Davis\nAge: 45\nDOB: 1978-03-15\nMRN: MH-2023-001234",
  "extraction_metadata": {
    "model_id": "test_model",
    "schema_name": "medical_entity_extraction",
    "extraction_timestamp": "2023-11-15T10:30:00Z",
    "total_extractions": 8,
    "processing_time_ms": 1250
  },
  "extractions": [
    {
      "extraction_class": "person",
      "extraction_text": "Dr. Sarah Johnson",
      "char_interval": {
        "start_pos": 18,
        "end_pos": 35
      },
      "token_interval": {
        "start_token": 4,
        "end_token": 7
      },
      "alignment_status": "exact",
      "extraction_index": 0,
      "attributes": {
        "role": "doctor",
        "title": "Dr.",
        "confidence": 0.96,
        "source_section": "other"
      }
    },
    {
      "extraction_class": "organization",
      "extraction_text": "Memorial Hospital",
      "char_interval": {
        "start_pos": 38,
        "end_pos": 55
      },
      "token_interval": {
        "start_token": 8,
        "end_token": 10
      },
      "alignment_status": "exact",
      "extraction_index": 1,
      "attributes": {
        "type": "hospital",
        "confidence": 0.98,
        "source_section": "other"
      }
    },
    {
      "extraction_class": "person",
      "extraction_text": "John Michael Davis",
      "char_interval": {
        "start_pos": 133,
        "end_pos": 151
      },
      "token_interval": {
        "start_token": 25,
        "end_token": 28
      },
      "alignment_status": "exact",
      "extraction_index": 2,
      "attributes": {
        "role": "patient",
        "confidence": 0.97,
        "source_section": "other"
      }
    },
    {
      "extraction_class": "date",
      "extraction_text": "1978-03-15",
      "char_interval": {
        "start_pos": 165,
        "end_pos": 175
      },
      "token_interval": {
        "start_token": 31,
        "end_token": 32
      },
      "alignment_status": "exact",
      "extraction_index": 3,
      "attributes": {
        "type": "birth",
        "format": "YYYY-MM-DD",
        "confidence": 0.99,
        "source_section": "other"
      }
    },
    {
      "extraction_class": "location",
      "extraction_text": "Seattle",
      "char_interval": {
        "start_pos": 38,
        "end_pos": 45
      },
      "token_interval": {
        "start_token": 8,
        "end_token": 9
      },
      "alignment_status": "approximate",
      "extraction_index": 4,
      "attributes": {
        "type": "city",
        "confidence": 0.85,
        "context": "Inferred from Memorial Hospital context",
        "source_section": "other"
      }
    }
  ],
  "extraction_statistics": {
    "entities_by_class": {
      "person": 2,
      "organization": 1,
      "date": 1,
      "location": 1
    },
    "confidence_distribution": {
      "high_confidence": 4,
      "medium_confidence": 1,
      "low_confidence": 0
    },
    "alignment_quality": {
      "exact": 4,
      "approximate": 1,
      "poor": 0
    }
  },
  "validation_results": {
    "schema_compliant": true,
    "validation_errors": [],
    "validation_warnings": [
      "Location 'Seattle' inferred from context - confidence may be lower"
    ]
  }
}